---
source: src/snapshots/snap.rs
expression: output
---
~
~
~
~
~
~
~
~
~
~
~
~
~
~                                  Oxide Editor -- Version 0.1.0
~
~
~
~
~
~
~
~
~
~
~
~
~
~
~
~
~
~
~
~
~
~
~
~
~
~
 NORMAL | NO FILE | 0 lines                                                                      1:1
